[14:11:15] client: start objective; params=[{"channels1":55,"channels2":28,"kernel_size1":8,"kernel_size2":14,"kernel_size3":10,"dilation_factor":2,"batch_size":9,"learning_rate":0.0019903517981450704}]
[14:11:15] client: Preparing datastores for training and validation...

[14:11:15] client: Using single frequency datastore for frequency index 4

[14:11:19] client: 1 am here before gpu
[14:11:19] client: 2 am here after gpu
[14:11:25] client: Training network (Final=1) on gpu for 30 epochs...

[14:13:56] client: Training failed: Arrays have incompatible sizes for this operation.

[14:13:56] client: Arrays have incompatible sizes for this operation.

Error in Bayesian_optimization_downsampled_one_path>trainAndEvaluateAE (line 320)
                if network_type == 'paper'
                                ^
Error in Bayesian_optimization_downsampled_one_path (line 200)
finalLoss = trainAndEvaluateAE(bestParams, dataCfg, 'FinalTraining', true);
            ^^^^^^^^^^^^^^^^^^^^^^^^^^^^^^^^^^^^^^^^^^^^^^^^^^^^^^^^^^^^^^

[16:30:48] client: start objective; params=[{"channels1":58,"channels2":22,"kernel_size1":9,"kernel_size2":13,"kernel_size3":11,"dilation_factor":2,"batch_size":9,"learning_rate":0.0016564808202884163}]
[16:30:48] client: Preparing datastores for training and validation...

[16:30:48] client: Using single frequency datastore for frequency index 4

[16:30:55] client: 1 am here before gpu
[16:30:55] client: 2 am here after gpu
[16:31:01] client: Training network (Final=1) on gpu for 30 epochs...

[16:34:59] client: start objective; params=[{"channels1":48,"channels2":31,"kernel_size1":15,"kernel_size2":13,"kernel_size3":10,"dilation_factor":6,"batch_size":16,"learning_rate":0.0029273224093621032}]
[16:34:59] client: Preparing datastores for training and validation...

[16:34:59] client: Using single frequency datastore for frequency index 4

[16:35:07] client: 1 am here before gpu
[16:35:07] client: 2 am here after gpu
[16:35:08] client: Training failed: Unable to connect to 'fc_latent_revert_1'. This input is already connected.

[16:35:08] client: Error using dlnetwork/connectLayers (line 266)
Unable to connect to 'fc_latent_revert_1'. This input is already connected.

Error in architectures_container.buildOptimizedNetwork_compressed_downsampled_sin_freq_less_deep (line 1385)
                net = connectLayers(net, sprintf("elu_latent_adjust_%d", i), sprintf("fc_latent_revert_%d", i));
                      ^^^^^^^^^^^^^^^^^^^^^^^^^^^^^^^^^^^^^^^^^^^^^^^^^^^^^^^^^^^^^^^^^^^^^^^^^^^^^^^^^^^^^^^^^
Error in Bayesian_optimization_downsampled_one_path>trainAndEvaluateAE (line 288)
            net = architectures_container.buildOptimizedNetwork_compressed_downsampled_sin_freq_less_deep(params);
                  ^^^^^^^^^^^^^^^^^^^^^^^^^^^^^^^^^^^^^^^^^^^^^^^^^^^^^^^^^^^^^^^^^^^^^^^^^^^^^^^^^^^^^^^^^^^^^^^
Error in Bayesian_optimization_downsampled_one_path (line 200)
finalLoss = trainAndEvaluateAE(bestParams, dataCfg, 'FinalTraining', true);
            ^^^^^^^^^^^^^^^^^^^^^^^^^^^^^^^^^^^^^^^^^^^^^^^^^^^^^^^^^^^^^^

[16:36:11] client: start objective; params=[{"channels1":48,"channels2":31,"kernel_size1":15,"kernel_size2":13,"kernel_size3":10,"dilation_factor":6,"batch_size":16,"learning_rate":0.0029273224093621032}]
[16:36:11] client: Preparing datastores for training and validation...

[16:36:11] client: Using single frequency datastore for frequency index 4

[16:36:18] client: 1 am here before gpu
[16:36:18] client: 2 am here after gpu
[16:36:20] client: Training network (Final=1) on gpu for 30 epochs...

[16:36:25] client: Training failed: Error evaluating loss function.

[16:36:25] client: Error using trainnet (line 54)
Error evaluating loss function.

Error in Bayesian_optimization_downsampled_one_path>trainAndEvaluateAE (line 315)
        [net, info] = trainnet(trainData, net, lossFn, options);
                      ^^^^^^^^^^^^^^^^^^^^^^^^^^^^^^^^^^^^^^^^^
Error in Bayesian_optimization_downsampled_one_path (line 200)
finalLoss = trainAndEvaluateAE(bestParams, dataCfg, 'FinalTraining', true);
            ^^^^^^^^^^^^^^^^^^^^^^^^^^^^^^^^^^^^^^^^^^^^^^^^^^^^^^^^^^^^^^
Caused by:
    Error using <a href="matlab:matlab.lang.internal.introspective.errorDocCallback('minus')" style="font-weight:bold"> - </a>
    Arrays have incompatible sizes of 800 and 40 in dimension 2. In each dimension, the sizes must be equal or one of the arrays must have size 1.
    
    Error in <a href="matlab:matlab.lang.internal.introspective.errorDocCallback('deep.internal.recording.operations.MinusBroadcastOp/forward', 'C:\Program Files\MATLAB\R2024b\toolbox\nnet\deep\deep\+deep\+internal\+recording\+operations\MinusBroadcastOp.m', 32)" style="font-weight:bold">deep.internal.recording.operations.MinusBroadcastOp/forward</a> (<a href="matlab: opentoline('C:\Program Files\MATLAB\R2024b\toolbox\nnet\deep\deep\+deep\+internal\+recording\+operations\MinusBroadcastOp.m',32,0)">line 32</a>)
                x = x - y;
                      ^
    Error in <a href="matlab:matlab.lang.internal.introspective.errorDocCallback('dlarray/minus', 'C:\Program Files\MATLAB\R2024b\toolbox\nnet\deep\deep\@dlarray\minus.m', 39)" style="font-weight:bold"> - </a> (<a href="matlab: opentoline('C:\Program Files\MATLAB\R2024b\toolbox\nnet\deep\deep\@dlarray\minus.m',39,0)">line 39</a>)
    zdata = matlab.lang.internal.move(xdata) - matlab.lang.internal.move(ydata);
                                             ^
    Error in <a href="matlab:matlab.lang.internal.introspective.errorDocCallback('Bayesian_optimization_downsampled_one_path>mse_l1_loss', 'C:\Users\Maria\Documents\Honours Programme\Networks\GAN\src\training\Bayesian_optimization_downsampled_one_path.m', 365)" style="font-weight:bold">Bayesian_optimization_downsampled_one_path>mse_l1_loss</a> (<a href="matlab: opentoline('C:\Users\Maria\Documents\Honours Programme\Networks\GAN\src\training\Bayesian_optimization_downsampled_one_path.m',365,0)">line 365</a>)
            l1 = mean(abs(Yk-Tk),'all');
                            ^
    Error in <a href="matlab:matlab.lang.internal.introspective.errorDocCallback('Bayesian_optimization_downsampled_one_path>@(varargin)mse_l1_loss(varargin{:})', 'C:\Users\Maria\Documents\Honours Programme\Networks\GAN\src\training\Bayesian_optimization_downsampled_one_path.m', 313)" style="font-weight:bold">Bayesian_optimization_downsampled_one_path>@(varargin)mse_l1_loss(varargin{:})</a> (<a href="matlab: opentoline('C:\Users\Maria\Documents\Honours Programme\Networks\GAN\src\training\Bayesian_optimization_downsampled_one_path.m',313,0)">line 313</a>)
            lossFn = @(varargin) mse_l1_loss(varargin{:});
                                 ^^^^^^^^^^^^^^^^^^^^^^^^
    Error in <a href="matlab:matlab.lang.internal.introspective.errorDocCallback('nnet.internal.cnn.util.UserCodeException.fevalUserCode', 'C:\Program Files\MATLAB\R2024b\toolbox\nnet\cnn\+nnet\+internal\+cnn\+util\+UserCodeException\fevalUserCode.m', 11)" style="font-weight:bold">nnet.internal.cnn.util.UserCodeException.fevalUserCode</a> (<a href="matlab: opentoline('C:\Program Files\MATLAB\R2024b\toolbox\nnet\cnn\+nnet\+internal\+cnn\+util\+UserCodeException\fevalUserCode.m',11,0)">line 11</a>)
        [varargout{1:nargout}] = feval(F, varargin{:});
                                 ^^^^^^^^^^^^^^^^^^^^^

[16:44:40] client: start objective; params=[{"channels1":48,"channels2":31,"kernel_size1":15,"kernel_size2":13,"kernel_size3":10,"dilation_factor":6,"batch_size":16,"learning_rate":0.0029273224093621032}]
[16:44:40] client: Preparing datastores for training and validation...

[16:44:40] client: Using single frequency datastore for frequency index 4

[16:44:47] client: 1 am here before gpu
[16:44:47] client: 2 am here after gpu
[16:44:48] client: Training network (Final=1) on gpu for 30 epochs...

[17:08:13] client: start objective; params=[{"channels1":37,"channels2":28,"kernel_size1":18,"kernel_size2":14,"kernel_size3":12,"dilation_factor":4,"batch_size":4,"learning_rate":0.0047955821646194852}]
[17:08:13] client: Preparing datastores for training and validation...

[17:08:13] client: Using single frequency datastore for frequency index 4

[17:08:16] client: 1 am here before gpu
[17:08:16] client: 2 am here after gpu
[17:08:16] client: Training network (Final=1) on gpu for 30 epochs...

[17:30:26] client: start objective; params=[{"channels1":60,"channels2":22,"kernel_size1":15,"kernel_size2":14,"kernel_size3":11,"dilation_factor":6,"batch_size":9,"learning_rate":0.0019427351233276267}]
[17:30:26] client: Preparing datastores for training and validation...

[17:30:26] client: Using single frequency datastore for frequency index 4

[17:30:31] client: 1 am here before gpu
[17:30:31] client: 2 am here after gpu
[17:30:33] client: Training network (Final=1) on gpu for 30 epochs...

[16:02:43] client: start objective; params=[{"channels1":48,"channels2":27,"kernel_size1":18,"kernel_size2":11,"kernel_size3":15,"dilation_factor":4,"batch_size":5,"learning_rate":0.001253155613471538}]
[16:02:43] client: Preparing datastores for training and validation...

[16:02:43] client: Using single frequency datastore for frequency index 4

[16:02:52] client: 1 am here before gpu
[16:35:54] client: start objective; params=[{"channels1":48,"channels2":27,"kernel_size1":18,"kernel_size2":11,"kernel_size3":15,"dilation_factor":4,"batch_size":5,"learning_rate":0.001253155613471538}]
[16:35:54] client: Preparing datastores for training and validation...

[16:35:54] client: Using single frequency datastore for frequency index 4

[16:36:01] client: 1 am here before gpu
[16:36:02] client: 2 am here after gpu
[16:36:14] client: Training network (Final=1) on gpu for 30 epochs...

[15:16:45] client: start objective; params=[{"channels1":62,"channels2":23,"kernel_size1":19,"kernel_size2":14,"kernel_size3":13,"dilation_factor":8,"batch_size":4,"learning_rate":0.00098129972765529164,"dropout_encoder":0.030436455199165879,"dropout_decoder":0.079460381664715821}]
[15:16:45] client: Preparing datastores for training and validation...

[15:16:45] client: Using single frequency datastore for frequency index 4

[15:17:00] client: 1 am here before gpu
[15:17:00] client: 2 am here after gpu
[15:17:14] client: Training network (Final=1) on gpu for 70 epochs...

[14:58:25] client: start objective; params=[{"desired_latent_size":12,"hl_s1":1323,"hl_s2":554,"hl_s3":285,"hl_s4":31,"drop_rate":0.33861669880666023,"batch_size":22,"learning_rate":0.0011392617846661126,"lr_drop_factor":0.28354874674364172,"lr_drop_period":15}]
[14:58:25] client: Preparing datastores for training and validation...

[14:58:25] client: Using single frequency datastore for frequency index 4

[14:58:38] client: 1 am here before gpu
[14:58:38] client: 2 am here after gpu
[14:58:44] client: Training network (Final=1) on gpu for 100 epochs...

[15:48:01] client: start objective; params=[{"desired_latent_size":12,"hl_s1":1324,"hl_s2":982,"hl_s3":154,"hl_s4":77,"drop_rate":0.48012168559686319,"batch_size":19,"learning_rate":0.0011309446101219708,"lr_drop_factor":0.32808524583021093,"lr_drop_period":20}]
[15:48:01] client: Preparing datastores for training and validation...

[15:48:01] client: Using single frequency datastore for frequency index 4

[15:48:36] client: 1 am here before gpu
[15:48:37] client: 2 am here after gpu
[15:48:42] client: Training network (Final=1) on gpu for 100 epochs...

[20:27:53] client: start objective; params=[{"desired_latent_size":11,"hl_s1":1311,"hl_s2":565,"hl_s3":277,"hl_s4":42,"drop_rate":0.10591137656548569,"batch_size":11,"learning_rate":0.0011551589181768684,"lr_drop_factor":0.49533394335244307,"lr_drop_period":20}]
[20:27:53] client: Preparing datastores for training and validation...

[20:27:53] client: Using single frequency datastore for frequency index 4

[20:28:16] client: 1 am here before gpu
[20:28:18] client: 2 am here after gpu
[20:28:26] client: Training network (Final=1) on gpu for 100 epochs...

[02:38:52] client: start objective; params=[{"desired_latent_size":15,"hl_s1":1429,"hl_s2":822,"hl_s3":124,"hl_s4":48,"drop_rate":0.37493807570782134,"batch_size":17,"learning_rate":0.0010161555939670606,"lr_drop_factor":0.47896778307295651,"lr_drop_period":14}]
[02:38:52] client: Preparing datastores for training and validation...

[02:38:52] client: Using single frequency datastore for frequency index 5

[02:39:07] client: 1 am here before gpu
[02:39:07] client: 2 am here after gpu
[02:39:13] client: Training network (Final=1) on gpu for 100 epochs...

[19:07:32] client: start objective; params=[{"desired_latent_size":14,"hl_s1":1961,"hl_s2":585,"hl_s3":374,"hl_s4":59,"drop_rate":0.48083513179936133,"batch_size":23,"learning_rate":0.0098940967655652377,"lr_drop_factor":0.34009570651643362,"lr_drop_period":15}]
[19:07:32] client: Preparing datastores for training and validation...

[19:07:32] client: Using single frequency datastore for frequency index 5

[19:07:56] client: 1 am here before gpu
[19:07:56] client: 2 am here after gpu
[19:08:07] client: Training network (Final=1) on gpu for 100 epochs...

[21:58:57] client: start objective; params=[{"desired_latent_size":14,"hl_s1":1197,"hl_s2":923,"hl_s3":415,"hl_s4":38,"drop_rate":0.0546702382002936}]
[21:58:57] client: Preparing datastores for training and validation...

[21:58:57] client: Using single frequency datastore for frequency index 6

[21:59:32] client: 1 am here before gpu
[21:59:33] client: 2 am here after gpu
[21:59:43] client: Training network (Final=1) on gpu for 100 epochs...

[23:11:43] client: start objective; params=[{"desired_latent_size":14,"hl_s1":1061,"hl_s2":544,"hl_s3":354,"hl_s4":95,"drop_rate":0.10584176288220085}]
[23:11:43] client: Preparing datastores for training and validation...

[23:11:43] client: Using single frequency datastore for frequency index 6

[23:12:08] client: 1 am here before gpu
[23:12:08] client: 2 am here after gpu
[23:12:12] client: Training network (Final=1) on gpu for 100 epochs...

[00:19:11] client: start objective; params=[{"desired_latent_size":14,"hl_s1":1197,"hl_s2":923,"hl_s3":415,"hl_s4":38,"drop_rate":0.0546702382002936}]
[00:19:27] client: Training network (Final=1) on gpu for 100 epochs...

[02:24:34] client: start objective; params=[{"desired_latent_size":14,"hl_s1":1013,"hl_s2":990,"hl_s3":173,"hl_s4":84,"drop_rate":0.29144865698119227}]
[02:25:01] client: Training network (Final=1) on gpu for 100 epochs...

[03:28:58] client: start objective; params=[{"desired_latent_size":15,"hl_s1":1288,"hl_s2":745,"hl_s3":495,"hl_s4":38,"drop_rate":0.00041180594409762257}]
[03:29:13] client: Training network (Final=1) on gpu for 100 epochs...

[04:34:58] client: start objective; params=[{"desired_latent_size":11,"hl_s1":1073,"hl_s2":809,"hl_s3":478,"hl_s4":100,"drop_rate":0.32182222979749281}]
[04:35:14] client: Training network (Final=1) on gpu for 100 epochs...

[05:45:44] client: start objective; params=[{"desired_latent_size":14,"hl_s1":1184,"hl_s2":990,"hl_s3":478,"hl_s4":30,"drop_rate":0.21549473907099015}]
[05:45:59] client: Training network (Final=1) on gpu for 100 epochs...

[08:04:54] client: start objective; params=[{"desired_latent_size":14,"hl_s1":1240,"hl_s2":904,"hl_s3":165,"hl_s4":60,"drop_rate":0.49994384983442797}]
[08:05:10] client: Training network (Final=1) on gpu for 100 epochs...

[12:58:13] client: start objective; params=[{"desired_latent_size":12,"hl_s1":1133,"hl_s2":998,"hl_s3":471,"hl_s4":33,"drop_rate":0.19830296448280205}]
[12:58:45] client: Training network (Final=1) on gpu for 100 epochs...

[20:03:19] client: start objective; params=[{"desired_latent_size":12,"hl_s1":1754,"hl_s2":707,"hl_s3":416,"hl_s4":63,"drop_rate":0.21065861591611729}]
[20:03:52] client: Training network (Final=1) on gpu for 100 epochs...

[01:32:51] client: start objective; params=[{"desired_latent_size":14,"hl_s1":1882,"hl_s2":547,"hl_s3":421,"hl_s4":100,"drop_rate":0.28322531420129088}]
[01:33:25] client: Training network (Final=1) on gpu for 100 epochs...

[19:35:26] client: start objective; params=[{"desired_latent_size":12,"hl_s1":1068,"hl_s2":981,"hl_s3":294,"hl_s4":71,"drop_rate":0.43720922126298817}]
[19:36:01] client: Training network (Final=1) on gpu for 100 epochs...

[21:15:20] client: start objective; params=[{"desired_latent_size":14,"hl_s1":1649,"hl_s2":505,"hl_s3":379,"hl_s4":31,"drop_rate":0.039018563496495517}]
[21:15:45] client: Training network (Final=1) on gpu for 100 epochs...

[23:09:41] client: start objective; params=[{"desired_latent_size":15,"hl_s1":1001,"hl_s2":829,"hl_s3":105,"hl_s4":82,"drop_rate":0.0836948264514229}]
[23:10:10] client: Training network (Final=1) on gpu for 100 epochs...

[03:11:10] client: start objective; params=[{"desired_latent_size":15,"hl_s1":1032,"hl_s2":970,"hl_s3":343,"hl_s4":99,"drop_rate":0.47761053686034949}]
[03:11:28] client: Training network (Final=1) on gpu for 100 epochs...

[05:32:18] client: start objective; params=[{"desired_latent_size":10,"hl_s1":1229,"hl_s2":500,"hl_s3":492,"hl_s4":58,"drop_rate":0.44373764323134612}]
[05:32:34] client: Training network (Final=1) on gpu for 100 epochs...

[08:05:55] client: start objective; params=[{"desired_latent_size":10,"hl_s1":1789,"hl_s2":503,"hl_s3":116,"hl_s4":78,"drop_rate":0.020048982040789441}]
[08:06:11] client: Training network (Final=1) on gpu for 100 epochs...

